XXXXXXXXXXXXXXXXXXXXX                                                    XXXXXXXXXXXXXXXXXXXXXXXXXX
XXXXXXXXXXXXXXXXXXXXX                                                    XXXXXXXXXXXXXXXXXXXXXXXXXX
XXXXXXXXXXXXXXXXXXXXX                                                    XXXXXXXXXXXXXXXXXXXXXXXXXX
XXXXXXXXXXXXXXXXXXXXX            X                                       XXXXXXXXXXXXXXXXXXXXXXXXXX
XXXXXXXXXXXXXXXXXXXXX            X                                       XXXXXXXXXXXXXXXXXXXXXXXXXX
XXXXXXXXXXXXXXXXXXXXX            X                                       XXXXXXXXXXXXXXXXXXXXXXXXXX
XXXXXXXXXXXXXXXXXXXXX            X                         BX            XXXXXXXXXXXXXXXXXXXXXXXXXX
XXXXXXXXXXXXXXXXXXXXX            X                      XXXXX            XXXXXXXXXXXXXXXXXXXXXXXXXX
XXXXXXXXXXXXXXXXXXXXX            X                    XX    X            XXXXXXXXXXXXXXXXXXXXXXXXXX
XXXXXXXXXXXXXXXXXXXXX            X                    XX    X            XXXXXXXXXXXXXXXXXXXXXXXXXX
XXXXXXXXXXXXXXX @   X            XXXXXXXXXXXXX        XX    X            X   @ XXXXXXXXXXXXXXXXXXXX
XX BXXXXXXXXXXXXXX  XXB          X                          X            X  XXXXXXXXXXXXXXXXXXXXXXX
X  XXXXXXXXXXXX     XXXX         X               X          X            X     XXXXXXXXXXXXXXXXXXXX
XX      XXXXXXX     X            X           XXXX           X            X     XXXXXXXXXXXXXXXXXXXX
X       XXXXXXX    BXX           X                XX                     XXB   XXXXXXXXXXXXXXXXXXXX
X  X    XXXXXXX  XXXXXX          X                XX                     XXXX  XXXXXXXXXXXXXXXXXXXX
X  X    XXXXXXX                  X   XX   XX      XX                      X    XXXXXXXXX   XXXXXXXX
X  XX    XXXXXX      XXXXXX      X  XX    XX      XX                      X    XXXXXXXXX X  XXXXXXX
X  X     XXXXXXXXXXX  XXXX    XXXXXX      XX      XXXXXXXXXXX             X    X       X XX   XXXXX
X  XXXX                          XX     XXXX    XXXX        X             X    XXX       XXX      X
X XXXXXXXX  XXXX                 XXX      XXXX    XX        X                   X  XXXX    XXXXX XX
X XXXXXXXXX XXX             XXXXXXX     XXXX      XX        X    XXXXXXXXX        XXXXXXXX    XX  X
X XXXXX     XXX      XXXX        XX       X    XXXXX        X        X            XXXXXXXXXXX XXX X
X X     XXXXXXX  XXXXXXXXXXXXX   XXX        XXXXXXXXXXX        XXXXXXXXXXXXXXXX   XXXXXXXXXXX XX  X
X   XXXXXXXXXXXX                      XXXXXX           XXXXX                      XXXXXXXXXXX    XX
X  XXB        X X        XXXXXXXXXX                            XXXXXXXXXX         XXXXXXXXXXX  BXXX
XXXXXX        X  XXX                 XXXXXXXXXXXXXXXXXXXX                 XX      XXXXXXXXXXXXXXXXX
XXXXX                   XXXX         X                  X                         XXXXXXXXXXXXXXXXX
XXXXX       XXXXXXXXXXXXX     XXX  XXX                  XXXXX     XX    XXXXXXXXXXXXXXXXXXXXXXXXXXX
XXXXXXXXXXXXXXX            XX        X                  X      X       XX      XXXXXXXXXXXXXXXXXXXX
XXXXXXXXXXXXXXX   XX     XX        XXXXXXXXXXXXXXXXXXXXXXXX      X    XX       XXXXXXXXXXXXXXXXXXXX
XXXXXXXXXXXXXXXXXXXXXXXXXXX      XX                        XX                XXXXXXXXXXXXXXXXXXXXXX
XXXXXXXXXXXX                           XXXXXXXXX                XXXXXX                XXXXXXXXXXXXX
XXXXXXXXXXX   XXX     XXXXXXXXXXX             XX    XXXXXXXXXXXXXXX     X  XXXXXXXXX   XXXXXXXXXXXX
XXXXXXXXXXX   X                      XXX     X                       XX        XXXXX  XXXXXXXXXXXXX
XXXXXXXXXXXX XX  XXXXXXXXXXXX   XX        X       XX         XX     X          XXXXX  XXXXXXXX XXXX
XXXXXXXXXXXX  X        X         XXXXXXXXXX         X          X               XXX   XXXXXXXXX   XX
XXXXXXXXXXXXX     X    XXXXXXX                       XXXXXX     XXXXXX           XXXXXXXXX    XX  X
XXB        X  XX  XXX              X                      XX                 XXX           XXXXXX X
XXXX       XX XXXXXXXXXXX    XXXXXXX      X        X     XX          XXXXXXXXXXXXXXXXXXXXXXXX BXX X
XX    X    XXXXB        X          X      XXXXXXXXXX      X          X        BXXXXXXXXX      XX  X
XX     X   XXXXXXXXXX   XXX                   B         XXXXXXXXX    X   XXXXXXXXXXXXX           XX
XX      X  XXXX @   X  XX  XX    XXXXX        X                      XX  X   @ XXXXXXXXXXXXXXXXXXXX
XX         XXXXXXX  X                XXXXX        XXXX    XXXXXX         X  XXXXXXXXXXXXXXXXXXXXXXX
XX        XXXXX     X       XXXXX           X    X                  XX         XXXXXXXXXXXXXXXXXXXX
XXXXXXXXXXXXXXX          X           XXXXX  X    X     XXXXXXX                 XXB          XXXXXXX
XXXXXXXXXXXXXXXB  XXXXXXXXX       X         X    X    XXXXXXXXXXXXXXXXXXXXXX  BXXX          XXXXXXX
XXXXXXXXXXXXXXXXXXXXXXXXXXXXXXXXXXXXXXXXXXXXX    XXXXXXXXXXXXXXXXXXXXXXXXXXXXXXX   X     XXXXXXXXXX
XXXXXXXXXXXXXXXXXXXX                           X                          XXXXXX       XXXXXXXXXXXX
XXXXXXXXXXXXXXXXXXX   XXXXXXXXXXXXXXXXXXXXXXXXXXXXXXXXXXXXXXXXXXXXXXXXXXX   XXXXXXXXX       XXXXXXX
XXXXXXXXXXXXXXXXX       X         X                        X         X        XX  XXXXX     XXXXXXX
XXXXXXXXXXXXXXXXX       X    X    X    XXXXXX    XXXXXX    X    X    X        XX            XXXXXXX
XXXXXXXXXXXXXXXXX            X         XXB          BXX         X             XXXXXXXXXXXXXXXXXXXXX
XXXXXXXXXXXXXXXXXXXXXXXXXXXXXXXXXXXXXXXXXXXXXXXXXXXXXXXXXXXXXXXXXXXXXXXXXXXXXXXXXXXXXXXXXXXXXXXXXXX
XXXXXXXXXXXXXXXXXXXXXXXXXXXXXXXXXXXXXXXXXXXXXXXXXXXXXXXXXXXXXXXXXXXXXXXXXXXXXXXXXXXXXXXXXXXXXXXXXXX
XXXXXXXXXXXXXXXXXXXXXXXXXXXXXXXXXXXXXXXXXXXXXXXXXXXXXXXXXXXXXXXXXXXXXXXXXXXXXXXXXXXXXXXXXXXXXXXXXXX
